TAP version 13
ok 1 - Psr\Error\ErrorHandlerTest::testHandleError with data set "Error" (1, true)
ok 2 - Psr\Error\ErrorHandlerTest::testHandleError with data set "User error" (256, true)
ok 3 - Psr\Error\ErrorHandlerTest::testHandleError with data set "Warning" (2, true)
ok 4 - Psr\Error\ErrorHandlerTest::testHandleError with data set "User warning" (512, true)
ok 5 - Psr\Error\ErrorHandlerTest::testHandleError with data set "Notice" (8, true)
ok 6 - Psr\Error\ErrorHandlerTest::testHandleError with data set "User notice" (1024, true)
ok 7 - Psr\Error\ErrorHandlerTest::testHandleError with data set "Deprecated" (8192, false)
ok 8 - Psr\Error\ErrorHandlerTest::testHandleError with data set "User deprecated" (16384, false)
ok 9 - Psr\Error\ErrorHandlerTest::testHandleError with data set "Parse error" (4, true)
ok 10 - Psr\Error\ErrorHandlerTest::testHandleError with data set "Core error" (16, true)
ok 11 - Psr\Error\ErrorHandlerTest::testHandleError with data set "Core warning" (32, true)
ok 12 - Psr\Error\ErrorHandlerTest::testHandleError with data set "Compile error" (64, true)
ok 13 - Psr\Error\ErrorHandlerTest::testHandleError with data set "Compile warning" (128, true)
ok 14 - Psr\Error\ErrorHandlerTest::testHandleError with data set "Strict" (2048, true)
ok 15 - Psr\Error\ErrorHandlerTest::testHandleError with data set "Recoverable error" (4096, true)
ok 16 - Psr\Error\ErrorHandlerTest::testHandleError with data set "All" (32767, true)
ok 17 - Psr\Error\ErrorHandlerTest::testHandleErrorAtSuppression with data set "Error" (1, true)
ok 18 - Psr\Error\ErrorHandlerTest::testHandleErrorAtSuppression with data set "User error" (256, true)
ok 19 - Psr\Error\ErrorHandlerTest::testHandleErrorAtSuppression with data set "Warning" (2, true)
ok 20 - Psr\Error\ErrorHandlerTest::testHandleErrorAtSuppression with data set "User warning" (512, true)
ok 21 - Psr\Error\ErrorHandlerTest::testHandleErrorAtSuppression with data set "Notice" (8, true)
ok 22 - Psr\Error\ErrorHandlerTest::testHandleErrorAtSuppression with data set "User notice" (1024, true)
ok 23 - Psr\Error\ErrorHandlerTest::testHandleErrorAtSuppression with data set "Deprecated" (8192, false)
ok 24 - Psr\Error\ErrorHandlerTest::testHandleErrorAtSuppression with data set "User deprecated" (16384, false)
ok 25 - Psr\Error\ErrorHandlerTest::testHandleErrorAtSuppression with data set "Parse error" (4, true)
ok 26 - Psr\Error\ErrorHandlerTest::testHandleErrorAtSuppression with data set "Core error" (16, true)
ok 27 - Psr\Error\ErrorHandlerTest::testHandleErrorAtSuppression with data set "Core warning" (32, true)
ok 28 - Psr\Error\ErrorHandlerTest::testHandleErrorAtSuppression with data set "Compile error" (64, true)
ok 29 - Psr\Error\ErrorHandlerTest::testHandleErrorAtSuppression with data set "Compile warning" (128, true)
ok 30 - Psr\Error\ErrorHandlerTest::testHandleErrorAtSuppression with data set "Strict" (2048, true)
ok 31 - Psr\Error\ErrorHandlerTest::testHandleErrorAtSuppression with data set "Recoverable error" (4096, true)
ok 32 - Psr\Error\ErrorHandlerTest::testHandleErrorAtSuppression with data set "All" (32767, true)
1..32
